
> preview
> node scripts/with-app-env.mjs vite preview


 ╭────────── [Build Info] ─────────────╮
 │                                     │
 │  - Build Directory: .vercel/output  │
 │  - Date: 9/14/2026, 6:52:09 PM      │
 │  - Nitro Version: 3.0.260610-beta   │
 │  - Nitro Preset: vercel             │
 │                                     │
 ╰─────────────────────────────────────╯

  ➜  Local:   http://127.0.0.1:8081/
Error in renderToReadableStream: Error [ERR_MODULE_NOT_FOUND]: Cannot find module '/workspace/.vercel/output/functions/__server.func/_ssr/studio-ClvqOZ-G.mjs' imported from /workspace/.vercel/output/functions/__server.func/_ssr/router-D4UrjlhJ.mjs
    at finalizeResolution (node:internal/modules/esm/resolve:275:11)
    at moduleResolve (node:internal/modules/esm/resolve:861:10)
    at defaultResolve (node:internal/modules/esm/resolve:985:11)
    at #cachedDefaultResolve (node:internal/modules/esm/loader:747:20)
    at #resolveAndMaybeBlockOnLoaderThread (node:internal/modules/esm/loader:783:38)
    at nextStep (node:internal/modules/customization_hooks:189:26)
    at Ie (file:///workspace/node_modules/@tailwindcss/node/dist/index.mjs:1:539)
    at nextStep (node:internal/modules/customization_hooks:189:26)
    at resolveWithHooks (node:internal/modules/customization_hooks:417:10)
    at ModuleLoader.resolveSync (node:internal/modules/esm/loader:803:14) {
  code: 'ERR_MODULE_NOT_FOUND',
  url: 'file:///workspace/.vercel/output/functions/__server.func/_ssr/studio-ClvqOZ-G.mjs'
} { componentStack: [Getter] }
